// Jest Snapshot v1, https://goo.gl/fbAQLP

exports[`HomeComponent should create 1`] = `
<app-home>
  <header>
    <h1
      class="home__title"
    >
      Welcome to Eurovision Services Sandbox!
    </h1>
  </header>
</app-home>
`;
